[thememakker.com/templates/buzzer/sidebar/index.html]
[thememakker.com/templates/buzzer/sidebar/favicon.ico]
[backblue.gif]
[fade.gif]
[index.html]
[thememakker.com/templates/buzzer/sidebar/app-calendar.html]
[thememakker.com/templates/buzzer/sidebar/app-chat.html]
[thememakker.com/templates/buzzer/sidebar/app-email.html]
[thememakker.com/templates/buzzer/assets/images/xs/avatar2.jpg]
[thememakker.com/templates/buzzer/assets/images/xs/avatar3.jpg]
[thememakker.com/templates/buzzer/assets/images/user.png]
[thememakker.com/templates/buzzer/assets/images/gallery/1.jpg]
[thememakker.com/templates/buzzer/assets/images/gallery/2.jpg]
[thememakker.com/templates/buzzer/assets/images/gallery/3.jpg]
[thememakker.com/templates/buzzer/assets/images/xs/avatar1.jpg]
[thememakker.com/templates/buzzer/assets/images/xs/avatar4.jpg]
[thememakker.com/templates/buzzer/assets/images/xs/avatar5.jpg]
[thememakker.com/templates/buzzer/assets/images/xs/avatar6.jpg]
[thememakker.com/templates/buzzer/assets/images/xs/avatar7.jpg]
[thememakker.com/templates/buzzer/assets/images/xs/avatar8.jpg]
[thememakker.com/templates/buzzer/sidebar/app-contact.html]
[thememakker.com/templates/buzzer/sidebar/app-taskboard.html]
[thememakker.com/templates/buzzer/sidebar/blog-list.html]
[thememakker.com/templates/buzzer/sidebar/blog-grid.html]
[thememakker.com/templates/buzzer/sidebar/blog-list2.html]
[thememakker.com/templates/buzzer/sidebar/blog-detail.html]
[thememakker.com/templates/buzzer/sidebar/w-cards.html]
[thememakker.com/templates/buzzer/sidebar/w-statistics.html]
[thememakker.com/templates/buzzer/sidebar/w-data.html]
[thememakker.com/templates/buzzer/sidebar/w-social.html]
[thememakker.com/templates/buzzer/sidebar/w-store.html]
[thememakker.com/templates/buzzer/sidebar/charts.html]
[thememakker.com/templates/buzzer/sidebar/charts-morris.html]
[thememakker.com/templates/buzzer/sidebar/charts-flot.html]
[thememakker.com/templates/buzzer/sidebar/w-other.html]
[thememakker.com/templates/buzzer/sidebar/charts-knob.html]
[thememakker.com/templates/buzzer/sidebar/charts-c3.html]
[thememakker.com/templates/buzzer/sidebar/charts-sparkline.html]
[thememakker.com/templates/buzzer/sidebar/form-elements.html]
[thememakker.com/templates/buzzer/sidebar/form-advanced.html]
[thememakker.com/templates/buzzer/sidebar/form-validation.html]
[thememakker.com/templates/buzzer/sidebar/form-wizard.html]
[thememakker.com/templates/buzzer/sidebar/form-summernote.html]
[thememakker.com/templates/buzzer/sidebar/form-markdown.html]
[thememakker.com/templates/buzzer/sidebar/table-basic.html]
[thememakker.com/templates/buzzer/sidebar/table-normal.html]
[thememakker.com/templates/buzzer/sidebar/table-datatable.html]
[thememakker.com/templates/buzzer/sidebar/table-editable.html]
[thememakker.com/templates/buzzer/sidebar/table-color.html]
[thememakker.com/templates/buzzer/sidebar/table-filter.html]
[thememakker.com/templates/buzzer/sidebar/page-empty.html]
[thememakker.com/templates/buzzer/sidebar/page-profile.html]
[thememakker.com/templates/buzzer/sidebar/page-timeline.html]
[thememakker.com/templates/buzzer/sidebar/page-pricing.html]
[thememakker.com/templates/buzzer/sidebar/page-invoices.html]
[thememakker.com/templates/buzzer/sidebar/page-search.html]
[thememakker.com/templates/buzzer/sidebar/page-testimonials.html]
[thememakker.com/templates/buzzer/sidebar/page-maps.html]
[thememakker.com/templates/buzzer/sidebar/page-carousel.html]
[thememakker.com/templates/buzzer/sidebar/page-icons.html]
[thememakker.com/templates/buzzer/sidebar/page-gallery.html]
[thememakker.com/templates/buzzer/sidebar/page-userslist.html]
[thememakker.com/templates/buzzer/sidebar/page-lookup.html]
[thememakker.com/templates/buzzer/sidebar/login.html]
[thememakker.com/templates/buzzer/sidebar/register.html]
[thememakker.com/templates/buzzer/sidebar/forgot-password.html]
[thememakker.com/templates/buzzer/sidebar/400.html]
[thememakker.com/templates/buzzer/sidebar/401.html]
[thememakker.com/templates/buzzer/sidebar/403.html]
[thememakker.com/templates/buzzer/sidebar/404.html]
[thememakker.com/templates/buzzer/sidebar/500.html]
[thememakker.com/templates/buzzer/sidebar/503.html]
[thememakker.com/templates/buzzer/sidebar/assets/bundles/libscripts.bundle.js]
[thememakker.com/templates/buzzer/sidebar/assets/bundles/vendorscripts.bundle.js]
[thememakker.com/templates/buzzer/sidebar/assets/bundles/c3.bundle.js]
[thememakker.com/templates/buzzer/sidebar/assets/bundles/jvectormap1.bundle.js]
[thememakker.com/templates/buzzer/sidebar/assets/bundles/mainscripts.bundle.js]
[thememakker.com/templates/buzzer/sidebar/assets/js/page/index.js]
[thememakker.com/templates/buzzer/sidebar/index.html]
[thememakker.com/templates/buzzer/assets/plugins/bootstrap/css/bootstrap.min.css]
[thememakker.com/templates/buzzer/assets/plugins/animate-css/vivify.min.css]
[thememakker.com/templates/buzzer/assets/plugins/font-awesome/css/font-awesome.min.css]
[thememakker.com/templates/buzzer/assets/plugins/charts-c3/plugin.css]
[thememakker.com/templates/buzzer/assets/plugins/jvectormap/jvectormap-2.0.3.css]
[thememakker.com/templates/buzzer/sidebar/assets/fonts/simple-Line-Icons.eot]
[thememakker.com/templates/buzzer/sidebar/assets/fonts/simple-Line-Icons.woff]
[thememakker.com/templates/buzzer/sidebar/assets/fonts/simple-Line-Icons.ttf]
[thememakker.com/templates/buzzer/sidebar/assets/fonts/weathericons-regular-webfont.eot]
[thememakker.com/templates/buzzer/sidebar/assets/fonts/weathericons-regular-webfontd41d.eot]
[thememakker.com/templates/buzzer/sidebar/assets/fonts/weathericons-regular-webfont.woff]
[thememakker.com/templates/buzzer/sidebar/assets/fonts/weathericons-regular-webfont.ttf]
[thememakker.com/templates/buzzer/sidebar/assets/fonts/feather/feather-webfont6cfa.eot]
[thememakker.com/templates/buzzer/sidebar/assets/fonts/feather/feather-webfont6cfa.woff]
[thememakker.com/templates/buzzer/sidebar/assets/fonts/feather/feather-webfont6cfa.ttf]
[thememakker.com/templates/buzzer/assets/images/bg/abstract_bg_1.jpg]
[thememakker.com/templates/buzzer/assets/images/bg/abstract_bg_2.jpg]
[thememakker.com/templates/buzzer/assets/images/bg/abstract_bg_3.jpg]
[thememakker.com/templates/buzzer/assets/images/bg/abstract_bg_4.jpg]
[thememakker.com/templates/buzzer/assets/images/bg/abstract_bg_5.jpg]
[thememakker.com/templates/buzzer/assets/images/bg/abstract_bg_6.jpg]
[thememakker.com/templates/buzzer/assets/images/bg/abstract_bg_7.jpg]
[thememakker.com/templates/buzzer/sidebar/assets/css/main.css]
[thememakker.com/templates/buzzer/sidebar/assets/bundles/fullcalendar.bundle.js]
[thememakker.com/templates/buzzer/sidebar/assets/js/page/calendar.js]
[thememakker.com/templates/buzzer/sidebar/app-calendar.html]
[thememakker.com/templates/buzzer/sidebar/app-chat.html]
[thememakker.com/templates/buzzer/sidebar/app-compose.html]
[thememakker.com/templates/buzzer/sidebar/app-email.html]
[thememakker.com/templates/buzzer/sidebar/app-emailveiw.html]
[thememakker.com/templates/buzzer/sidebar/assets/bundles/sweetalert.bundle.js]
[thememakker.com/templates/buzzer/sidebar/assets/js/page/sweetalert.js]
[thememakker.com/templates/buzzer/sidebar/app-contact.html]
[thememakker.com/templates/buzzer/assets/images/xs/avatar9.jpg]
[thememakker.com/templates/buzzer/sidebar/assets/bundles/nestable.bundle.js]
[thememakker.com/templates/buzzer/sidebar/assets/js/page/sortable-nestable.js]
[thememakker.com/templates/buzzer/sidebar/app-taskboard.html]
[thememakker.com/templates/buzzer/sidebar/blog-post.html]
[thememakker.com/templates/buzzer/assets/images/gallery/4.jpg]
[thememakker.com/templates/buzzer/assets/images/gallery/9.jpg]
[thememakker.com/templates/buzzer/assets/images/gallery/10.jpg]
[thememakker.com/templates/buzzer/assets/images/gallery/5.jpg]
[thememakker.com/templates/buzzer/assets/images/gallery/6.jpg]
[thememakker.com/templates/buzzer/assets/images/gallery/7.jpg]
[thememakker.com/templates/buzzer/assets/images/gallery/8.jpg]
[thememakker.com/templates/buzzer/sidebar/blog-list.html]
[thememakker.com/templates/buzzer/assets/images/gallery/13.jpg]
[thememakker.com/templates/buzzer/sidebar/blog-grid.html]
[thememakker.com/templates/buzzer/sidebar/blog-list2.html]
[thememakker.com/templates/buzzer/assets/images/sm/avatar2.jpg]
[thememakker.com/templates/buzzer/assets/images/sm/avatar5.jpg]
[thememakker.com/templates/buzzer/assets/images/sm/avatar1.jpg]
[thememakker.com/templates/buzzer/assets/images/sm/avatar6.jpg]
[thememakker.com/templates/buzzer/sidebar/blog-detail.html]
[thememakker.com/templates/buzzer/assets/images/gallery/12.jpg]
[thememakker.com/templates/buzzer/assets/images/gallery/15.jpg]
[thememakker.com/templates/buzzer/assets/images/gallery/14.jpg]
[thememakker.com/templates/buzzer/sidebar/w-cards.html]
[thememakker.com/templates/buzzer/sidebar/assets/bundles/knobjs.bundle.js]
[thememakker.com/templates/buzzer/sidebar/assets/bundles/morris.bundle.js]
[thememakker.com/templates/buzzer/sidebar/assets/js/page/w-statistics.js]
[thememakker.com/templates/buzzer/sidebar/w-statistics.html]
[thememakker.com/templates/buzzer/sidebar/w-data.html]
[thememakker.com/templates/buzzer/assets/images/sm/avatar3.jpg]
[thememakker.com/templates/buzzer/assets/images/sm/avatar4.jpg]
[thememakker.com/templates/buzzer/sidebar/w-social.html]
[thememakker.com/templates/buzzer/assets/images/ecommerce/wireless-red-quarter.jpg]
[thememakker.com/templates/buzzer/assets/images/ecommerce/Canon-70-200mm.jpg]
[thememakker.com/templates/buzzer/assets/images/ecommerce/1.png]
[thememakker.com/templates/buzzer/assets/images/ecommerce/10.png]
[thememakker.com/templates/buzzer/assets/images/ecommerce/2.png]
[thememakker.com/templates/buzzer/assets/images/ecommerce/3.png]
[thememakker.com/templates/buzzer/assets/images/ecommerce/4.png]
[thememakker.com/templates/buzzer/assets/images/ecommerce/5.png]
[thememakker.com/templates/buzzer/assets/images/ecommerce/6.png]
[thememakker.com/templates/buzzer/assets/images/ecommerce/7.png]
[thememakker.com/templates/buzzer/assets/images/ecommerce/8.png]
[thememakker.com/templates/buzzer/assets/images/ecommerce/11.png]
[thememakker.com/templates/buzzer/assets/images/ecommerce/mastercard.png]
[thememakker.com/templates/buzzer/assets/images/ecommerce/visa-card.png]
[thememakker.com/templates/buzzer/assets/images/ecommerce/paypal.png]
[thememakker.com/templates/buzzer/sidebar/w-store.html]
[thememakker.com/templates/buzzer/assets/images/staticmap.png]
[thememakker.com/templates/buzzer/sidebar/assets/bundles/jvectormap2.bundle.js]
[thememakker.com/templates/buzzer/assets/plugins/input-mask/js/jquery.mask.min.js]
[thememakker.com/templates/buzzer/sidebar/assets/js/page/w-other.js]
[thememakker.com/templates/buzzer/sidebar/w-other.html]
[thememakker.com/templates/buzzer/sidebar/assets/bundles/chartjs.bundle.js]
[thememakker.com/templates/buzzer/sidebar/assets/js/chart/chartjs.js]
[thememakker.com/templates/buzzer/sidebar/charts.html]
[thememakker.com/templates/buzzer/sidebar/assets/js/chart/morris.js]
[thememakker.com/templates/buzzer/sidebar/charts-morris.html]
[thememakker.com/templates/buzzer/sidebar/assets/bundles/flot.bundle.js]
[thememakker.com/templates/buzzer/sidebar/assets/js/chart/flot.js]
[thememakker.com/templates/buzzer/sidebar/charts-flot.html]
[thememakker.com/templates/buzzer/sidebar/assets/js/chart/knobjs.js]
[thememakker.com/templates/buzzer/sidebar/charts-knob.html]
[thememakker.com/templates/buzzer/sidebar/assets/js/chart/c3.js]
[thememakker.com/templates/buzzer/sidebar/charts-c3.html]
[thememakker.com/templates/buzzer/sidebar/assets/js/chart/sparkline.js]
[thememakker.com/templates/buzzer/sidebar/charts-sparkline.html]
[thememakker.com/templates/buzzer/sidebar/assets/bundles/selectize.bundle.js]
[thememakker.com/templates/buzzer/sidebar/assets/js/vendors/selectize.js]
[thememakker.com/templates/buzzer/sidebar/form-elements.html]
[thememakker.com/templates/buzzer/assets/plugins/bootstrap-colorpicker/js/bootstrap-colorpicker.js]
[thememakker.com/templates/buzzer/assets/plugins/bootstrap-datepicker/js/bootstrap-datepicker.min.js]
[thememakker.com/templates/buzzer/assets/plugins/bootstrap-multiselect/bootstrap-multiselect.js]
[thememakker.com/templates/buzzer/assets/plugins/multi-select/js/jquery.multi-select.js]
[thememakker.com/templates/buzzer/assets/plugins/jquery.maskedinput/jquery.maskedinput.min.js]
[thememakker.com/templates/buzzer/assets/plugins/jquery-inputmask/jquery.inputmask.bundle.js]
[thememakker.com/templates/buzzer/assets/plugins/dropify/js/dropify.min.js]
[thememakker.com/templates/buzzer/sidebar/assets/js/form/form-advanced.js]
[thememakker.com/templates/buzzer/sidebar/form-advanced.html]
[thememakker.com/templates/buzzer/assets/plugins/parsleyjs/js/parsley.min.js]
[thememakker.com/templates/buzzer/sidebar/assets/js/form/parsleyjs.js]
[thememakker.com/templates/buzzer/sidebar/form-validation.html]
[thememakker.com/templates/buzzer/assets/plugins/jquery-steps/jquery.steps.js]
[thememakker.com/templates/buzzer/sidebar/assets/js/form/wizard.js]
[thememakker.com/templates/buzzer/sidebar/form-wizard.html]
[thememakker.com/templates/buzzer/sidebar/assets/bundles/summernote.bundle.js]
[thememakker.com/templates/buzzer/sidebar/assets/js/page/summernote.js]
[thememakker.com/templates/buzzer/sidebar/form-summernote.html]
[thememakker.com/templates/buzzer/sidebar/assets/bundles/markdown.bundle.js]
[thememakker.com/templates/buzzer/sidebar/assets/js/form/markdown.js]
[thememakker.com/templates/buzzer/sidebar/form-markdown.html]
[thememakker.com/templates/buzzer/assets/images/xs/avatar10.jpg]
[thememakker.com/templates/buzzer/sidebar/table-basic.html]
[thememakker.com/templates/buzzer/sidebar/table-normal.html]
[www.thememakker.com/templates/buzzer/assets/images/details_open.c4.delayed]
[www.thememakker.com/templates/buzzer/assets/images/details_close.png]
[thememakker.com/templates/buzzer/sidebar/assets/bundles/dataTables.bundle.js]
[thememakker.com/templates/buzzer/sidebar/assets/js/table/datatable.js]
[thememakker.com/templates/buzzer/sidebar/table-datatable.html]
[thememakker.com/templates/buzzer/assets/plugins/editable/ditabletable.min.js]
[thememakker.com/templates/buzzer/sidebar/assets/js/table/editable.js]
[thememakker.com/templates/buzzer/sidebar/table-editable.html]
[thememakker.com/templates/buzzer/sidebar/table-color.html]
[thememakker.com/templates/buzzer/sidebar/table-filter.html]
[thememakker.com/templates/buzzer/sidebar/page-empty.html]
[thememakker.com/templates/buzzer/sidebar/page-profile.html]
[thememakker.com/templates/buzzer/sidebar/page-timeline.html]
[thememakker.com/templates/buzzer/sidebar/page-pricing.html]
[thememakker.com/templates/buzzer/sidebar/page-invoices.html]
[thememakker.com/templates/buzzer/sidebar/page-search.html]
[thememakker.com/templates/buzzer/sidebar/page-testimonials.html]
[thememakker.com/templates/buzzer/sidebar/assets/js/map/map.js]
[thememakker.com/templates/buzzer/sidebar/page-maps.html]
[thememakker.com/templates/buzzer/sidebar/page-icons.html]
[thememakker.com/templates/buzzer/assets/images/gallery/11.jpg]
[thememakker.com/templates/buzzer/sidebar/page-carousel.html]
[thememakker.com/templates/buzzer/sidebar/page-gallery.html]
[thememakker.com/templates/buzzer/sidebar/page-userslist.html]
[thememakker.com/templates/buzzer/sidebar/page-lookup.html]
[thememakker.com/templates/buzzer/sidebar/login.html]
[thememakker.com/templates/buzzer/sidebar/register.html]
[thememakker.com/templates/buzzer/sidebar/forgot-password.html]
[thememakker.com/templates/buzzer/sidebar/400.html]
[thememakker.com/templates/buzzer/sidebar/401.html]
[thememakker.com/templates/buzzer/sidebar/403.html]
[thememakker.com/templates/buzzer/sidebar/404.html]
[thememakker.com/templates/buzzer/sidebar/500.html]
[thememakker.com/templates/buzzer/sidebar/503.html]
[thememakker.com/templates/buzzer/sidebar/assets/fonts/simple-Line-Icons.svg]
[thememakker.com/templates/buzzer/sidebar/assets/fonts/weathericons-regular-webfont.svg]
[thememakker.com/templates/buzzer/sidebar/assets/fonts/feather/feather-webfont6cfa.svg]
[thememakker.com/templates/buzzer/assets/plugins/fullcalendar/fullcalendar.min.css]
[thememakker.com/templates/buzzer/sidebar/app-compose.html]
[thememakker.com/templates/buzzer/sidebar/app-emailveiw.html]
[thememakker.com/templates/buzzer/assets/plugins/sweetalert/sweetalert.css]
[thememakker.com/templates/buzzer/assets/plugins/nestable/jquery-nestable.css]
[thememakker.com/templates/buzzer/assets/plugins/bootstrap-datepicker/css/bootstrap-datepicker3.min.css]
[thememakker.com/templates/buzzer/sidebar/blog-post.html]
[thememakker.com/templates/buzzer/assets/plugins/morrisjs/morris.css]
[thememakker.com/templates/buzzer/assets/plugins/chartjs/chartist.min.css]
[thememakker.com/templates/buzzer/assets/plugins/chartjs/chartist-plugin-tooltip.css]
[thememakker.com/templates/buzzer/assets/plugins/bootstrap-colorpicker/img/bootstrap-colorpicker/saturation.png]
[thememakker.com/templates/buzzer/assets/plugins/bootstrap-colorpicker/img/bootstrap-colorpicker/hue.png]
[thememakker.com/templates/buzzer/assets/plugins/bootstrap-colorpicker/img/bootstrap-colorpicker/alpha.png]
[thememakker.com/templates/buzzer/assets/plugins/bootstrap-colorpicker/img/bootstrap-colorpicker/hue-horizontal.png]
[thememakker.com/templates/buzzer/assets/plugins/bootstrap-colorpicker/img/bootstrap-colorpicker/alpha-horizontal.png]
[thememakker.com/templates/buzzer/assets/plugins/bootstrap-colorpicker/css/bootstrap-colorpicker.css]
[thememakker.com/templates/buzzer/assets/plugins/multi-select/css/multi-select.css]
[thememakker.com/templates/buzzer/assets/plugins/dropify/css/dropify.min.css]
[thememakker.com/templates/buzzer/assets/plugins/bootstrap-multiselect/bootstrap-multiselect.css]
[thememakker.com/templates/buzzer/assets/plugins/parsleyjs/css/parsley.css]
[thememakker.com/templates/buzzer/assets/plugins/jquery-steps/jquery.steps.css]
[thememakker.com/templates/buzzer/assets/plugins/summernote/dist/font/summernotef534.eot]
[thememakker.com/templates/buzzer/assets/plugins/summernote/dist/font/summernoted41d.eot]
[thememakker.com/templates/buzzer/assets/plugins/summernote/dist/font/summernotef534.woff]
[thememakker.com/templates/buzzer/assets/plugins/summernote/dist/font/summernotef534.ttf]
[thememakker.com/templates/buzzer/assets/plugins/summernote/dist/summernote.css]
[thememakker.com/templates/buzzer/assets/plugins/markdown/bootstrap-markdown.min.css]
[thememakker.com/templates/buzzer/assets/plugins/datatable/dataTables.bootstrap4.min.css]
[thememakker.com/templates/buzzer/assets/plugins/datatable/fixedeader/dataTables.fixedcolumns.bootstrap4.min.css]
[thememakker.com/templates/buzzer/assets/plugins/datatable/fixedeader/dataTables.fixedheader.bootstrap4.min.css]
[www.thememakker.com/templates/buzzer/assets/images/details_open.html]
[www.thememakker.com/templates/buzzer/assets/images/details_close.html]
