[www.bootstrapdash.com/demo/aquaui/template/demo_1/index.html]
[backblue.gif]
[fade.gif]
[index.html]
[www.bootstrapdash.com/demo/aquaui/template/assets/vendors/mdi/css/materialdesignicons.min.css]
[www.bootstrapdash.com/demo/aquaui/template/assets/vendors/css/vendor.bundle.base.css]
[www.bootstrapdash.com/demo/aquaui/template/assets/vendors/font-awesome/css/font-awesome.min.css]
[www.bootstrapdash.com/demo/aquaui/template/assets/vendors/bootstrap-datepicker/bootstrap-datepicker.min.css]
[www.bootstrapdash.com/demo/aquaui/template/assets/images/favicon.png]
[www.bootstrapdash.com/demo/aquaui/template/assets/css/demo_1/style.css]
[www.bootstrapdash.com/demo/aquaui/template/assets/images/faces/face1.jpg]
[www.bootstrapdash.com/demo/aquaui/template/demo_1/pages/layout/boxed-layout.html]
[www.bootstrapdash.com/demo/aquaui/template/demo_1/pages/layout/sidebar-collapsed.html]
[www.bootstrapdash.com/demo/aquaui/template/demo_1/pages/layout/sidebar-hidden.html]
[www.bootstrapdash.com/demo/aquaui/template/demo_1/pages/layout/sidebar-hidden-overlay.html]
[www.bootstrapdash.com/demo/aquaui/template/demo_1/pages/layout/sidebar-fixed.html]
[www.bootstrapdash.com/demo/aquaui/template/demo_1/pages/ui-features/accordions.html]
[www.bootstrapdash.com/demo/aquaui/template/demo_1/pages/ui-features/buttons.html]
[www.bootstrapdash.com/demo/aquaui/template/demo_1/pages/ui-features/badges.html]
[www.bootstrapdash.com/demo/aquaui/template/demo_1/pages/ui-features/breadcrumbs.html]
[www.bootstrapdash.com/demo/aquaui/template/demo_1/pages/ui-features/dropdowns.html]
[www.bootstrapdash.com/demo/aquaui/template/demo_1/pages/ui-features/modals.html]
[www.bootstrapdash.com/demo/aquaui/template/demo_1/pages/ui-features/progress.html]
[www.bootstrapdash.com/demo/aquaui/template/demo_1/pages/ui-features/pagination.html]
[www.bootstrapdash.com/demo/aquaui/template/demo_1/pages/ui-features/tabs.html]
[www.bootstrapdash.com/demo/aquaui/template/demo_1/pages/ui-features/typography.html]
[www.bootstrapdash.com/demo/aquaui/template/demo_1/pages/ui-features/dragula.html]
[www.bootstrapdash.com/demo/aquaui/template/demo_1/pages/ui-features/clipboard.html]
[www.bootstrapdash.com/demo/aquaui/template/demo_1/pages/ui-features/context-menu.html]
[www.bootstrapdash.com/demo/aquaui/template/demo_1/pages/ui-features/slider.html]
[www.bootstrapdash.com/demo/aquaui/template/demo_1/pages/ui-features/colcade.html]
[www.bootstrapdash.com/demo/aquaui/template/demo_1/pages/ui-features/carousel.html]
[www.bootstrapdash.com/demo/aquaui/template/demo_1/pages/ui-features/loaders.html]
[www.bootstrapdash.com/demo/aquaui/template/demo_1/pages/ui-features/tooltips.html]
[www.bootstrapdash.com/demo/aquaui/template/demo_1/pages/ui-features/popups.html]
[www.bootstrapdash.com/demo/aquaui/template/demo_1/pages/ui-features/notifications.html]
[www.bootstrapdash.com/demo/aquaui/template/demo_1/pages/icons/mdi.html]
[www.bootstrapdash.com/demo/aquaui/template/demo_1/pages/icons/flag-icons.html]
[www.bootstrapdash.com/demo/aquaui/template/demo_1/pages/icons/font-awesome.html]
[www.bootstrapdash.com/demo/aquaui/template/demo_1/pages/icons/simple-line-icon.html]
[www.bootstrapdash.com/demo/aquaui/template/demo_1/pages/icons/themify.html]
[www.bootstrapdash.com/demo/aquaui/template/demo_1/pages/forms/basic_elements.html]
[www.bootstrapdash.com/demo/aquaui/template/demo_1/pages/forms/advanced_elements.html]
[www.bootstrapdash.com/demo/aquaui/template/demo_1/pages/forms/validation.html]
[www.bootstrapdash.com/demo/aquaui/template/demo_1/pages/forms/wizard.html]
[www.bootstrapdash.com/demo/aquaui/template/demo_1/pages/forms/text_editor.html]
[www.bootstrapdash.com/demo/aquaui/template/demo_1/pages/forms/code_editor.html]
[www.bootstrapdash.com/demo/aquaui/template/demo_1/pages/charts/chartjs.html]
[www.bootstrapdash.com/demo/aquaui/template/demo_1/pages/charts/morris.html]
[www.bootstrapdash.com/demo/aquaui/template/demo_1/pages/charts/flot-chart.html]
[www.bootstrapdash.com/demo/aquaui/template/demo_1/pages/charts/google-charts.html]
[www.bootstrapdash.com/demo/aquaui/template/demo_1/pages/charts/chartist.html]
[www.bootstrapdash.com/demo/aquaui/template/demo_1/pages/charts/justGage.html]
[www.bootstrapdash.com/demo/aquaui/template/demo_1/pages/tables/basic-table.html]
[www.bootstrapdash.com/demo/aquaui/template/demo_1/pages/tables/data-table.html]
[www.bootstrapdash.com/demo/aquaui/template/demo_1/pages/tables/js-grid.html]
[www.bootstrapdash.com/demo/aquaui/template/demo_1/pages/tables/sortable-table.html]
[www.bootstrapdash.com/demo/aquaui/template/demo_1/pages/maps/google-maps.html]
[www.bootstrapdash.com/demo/aquaui/template/demo_1/pages/maps/mapael.html]
[www.bootstrapdash.com/demo/aquaui/template/demo_1/pages/maps/vector-map.html]
[www.bootstrapdash.com/demo/aquaui/template/demo_1/pages/samples/login.html]
[www.bootstrapdash.com/demo/aquaui/template/demo_1/pages/samples/login-2.html]
[www.bootstrapdash.com/demo/aquaui/template/demo_1/pages/samples/register.html]
[www.bootstrapdash.com/demo/aquaui/template/demo_1/pages/samples/register-2.html]
[www.bootstrapdash.com/demo/aquaui/template/demo_1/pages/samples/lock-screen.html]
[www.bootstrapdash.com/demo/aquaui/template/demo_1/pages/samples/error-404.html]
[www.bootstrapdash.com/demo/aquaui/template/demo_1/pages/samples/error-500.html]
[www.bootstrapdash.com/demo/aquaui/template/demo_1/pages/samples/blank-page.html]
[www.bootstrapdash.com/demo/aquaui/template/demo_1/pages/samples/profile.html]
[www.bootstrapdash.com/demo/aquaui/template/demo_1/pages/samples/faq.html]
[www.bootstrapdash.com/demo/aquaui/template/demo_1/pages/samples/faq-2.html]
[www.bootstrapdash.com/demo/aquaui/template/demo_1/pages/samples/news-grid.html]
[www.bootstrapdash.com/demo/aquaui/template/demo_1/pages/samples/timeline.html]
[www.bootstrapdash.com/demo/aquaui/template/demo_1/pages/samples/invoice.html]
[www.bootstrapdash.com/demo/aquaui/template/demo_1/pages/samples/pricing-table.html]
[www.bootstrapdash.com/demo/aquaui/template/demo_1/pages/samples/orders.html]
[www.bootstrapdash.com/demo/aquaui/template/demo_1/pages/apps/email.html]
[www.bootstrapdash.com/demo/aquaui/template/demo_1/pages/apps/calendar.html]
[www.bootstrapdash.com/demo/aquaui/template/demo_1/pages/apps/gallery.html]
[www.bootstrapdash.com/demo/aquaui/template/assets/images/faces/face4.jpg]
[www.bootstrapdash.com/demo/aquaui/template/assets/images/faces/face3.jpg]
[www.bootstrapdash.com/demo/aquaui/template/assets/images/faces/face2.jpg]
[www.bootstrapdash.com/demo/aquaui/template/assets/vendors/chart.js/Chart.min.js]
[www.bootstrapdash.com/demo/aquaui/template/assets/vendors/js/vendor.bundle.base.js]
[www.bootstrapdash.com/demo/aquaui/template/assets/vendors/jvectormap/jquery-jvectormap.min.js]
[www.bootstrapdash.com/demo/aquaui/template/assets/vendors/jvectormap/jquery-jvectormap-world-mill-en.js]
[www.bootstrapdash.com/demo/aquaui/template/assets/vendors/chartist/chartist.min.js]
[www.bootstrapdash.com/demo/aquaui/template/assets/vendors/flot/jquery.flot.js]
[www.bootstrapdash.com/demo/aquaui/template/assets/vendors/flot/jquery.flot.resize.js]
[www.bootstrapdash.com/demo/aquaui/template/assets/vendors/flot/jquery.flot.categories.js]
[www.bootstrapdash.com/demo/aquaui/template/assets/vendors/flot/jquery.flot.fillbetween.js]
[www.bootstrapdash.com/demo/aquaui/template/assets/vendors/flot/jquery.flot.stack.js]
[www.bootstrapdash.com/demo/aquaui/template/assets/js/off-canvas.js]
[www.bootstrapdash.com/demo/aquaui/template/assets/js/hoverable-collapse.js]
[www.bootstrapdash.com/demo/aquaui/template/assets/js/misc.js]
[www.bootstrapdash.com/demo/aquaui/template/assets/js/settings.js]
[www.bootstrapdash.com/demo/aquaui/template/assets/js/todolist.js]
[www.bootstrapdash.com/demo/aquaui/template/demo_1/index.html]
[www.bootstrapdash.com/demo/aquaui/template/assets/vendors/mdi/css/materialdesignicons.min.css]
[www.bootstrapdash.com/demo/aquaui/template/assets/vendors/css/vendor.bundle.base.css]
[www.bootstrapdash.com/demo/aquaui/template/assets/vendors/font-awesome/css/font-awesome.min.css]
[www.bootstrapdash.com/demo/aquaui/template/assets/vendors/bootstrap-datepicker/bootstrap-datepicker.min.css]
[www.bootstrapdash.com/demo/aquaui/template/assets/js/dashboard.js]
[www.bootstrapdash.com/demo/aquaui/template/assets/css/images/sprites/jsgrid-icons.png]
[www.bootstrapdash.com/demo/aquaui/template/assets/images/auth/login-bg.jpg]
[www.bootstrapdash.com/demo/aquaui/template/assets/images/auth/register-bg.jpg]
[www.bootstrapdash.com/demo/aquaui/template/assets/css/images/samples/lockscreen-bg.66.delayed]
[www.bootstrapdash.com/demo/aquaui/template/assets/css/demo_1/style.css]
[www.bootstrapdash.com/demo/aquaui/template/demo_1/pages/layout/boxed-layout.html]
[www.bootstrapdash.com/demo/aquaui/template/demo_1/pages/layout/sidebar-collapsed.html]
[www.bootstrapdash.com/demo/aquaui/template/demo_1/pages/layout/sidebar-hidden.html]
[www.bootstrapdash.com/demo/aquaui/template/demo_1/pages/layout/sidebar-hidden-overlay.html]
[www.bootstrapdash.com/demo/aquaui/template/demo_1/pages/layout/sidebar-fixed.html]
[www.bootstrapdash.com/demo/aquaui/template/demo_1/pages/layout/compact-menu.html]
[www.bootstrapdash.com/demo/aquaui/template/assets/images/samples/300x300/10.jpg]
[www.bootstrapdash.com/demo/aquaui/template/demo_1/pages/ui-features/accordions.html]
[www.bootstrapdash.com/demo/aquaui/template/demo_1/pages/ui-features/buttons.html]
[www.bootstrapdash.com/demo/aquaui/template/demo_1/pages/ui-features/badges.html]
[www.bootstrapdash.com/demo/aquaui/template/demo_1/pages/ui-features/breadcrumbs.html]
[www.bootstrapdash.com/demo/aquaui/template/demo_1/pages/ui-features/dropdowns.html]
[www.bootstrapdash.com/demo/aquaui/template/demo_1/pages/ui-features/modals.html]
[www.bootstrapdash.com/demo/aquaui/template/assets/js/modal-demo.js]
[www.bootstrapdash.com/demo/aquaui/template/assets/vendors/progressbar.js/progressbar.min.js]
[www.bootstrapdash.com/demo/aquaui/template/demo_1/pages/ui-features/progress.html]
[www.bootstrapdash.com/demo/aquaui/template/assets/js/progress-bar.js]
[www.bootstrapdash.com/demo/aquaui/template/demo_1/pages/ui-features/pagination.html]
[www.bootstrapdash.com/demo/aquaui/template/assets/js/paginate.js]
[www.bootstrapdash.com/demo/aquaui/template/assets/images/samples/300x300/13.jpg]
[www.bootstrapdash.com/demo/aquaui/template/assets/images/faces/face12.jpg]
[www.bootstrapdash.com/demo/aquaui/template/assets/images/samples/300X300/12.jpg]
[www.bootstrapdash.com/demo/aquaui/template/assets/images/samples/300x300/3.jpg]
[www.bootstrapdash.com/demo/aquaui/template/assets/images/samples/300x300/4.jpg]
[www.bootstrapdash.com/demo/aquaui/template/assets/images/samples/300x300/12.jpg]
[www.bootstrapdash.com/demo/aquaui/template/assets/images/samples/300X300/10-2.jpg]
[www.bootstrapdash.com/demo/aquaui/template/assets/images/samples/300x300/14.jpg]
[www.bootstrapdash.com/demo/aquaui/template/assets/images/samples/300x300/11.jpg]
[www.bootstrapdash.com/demo/aquaui/template/assets/images/samples/300x300/1.jpg]
[www.bootstrapdash.com/demo/aquaui/template/assets/images/samples/300x300/2.jpg]
[www.bootstrapdash.com/demo/aquaui/template/demo_1/pages/ui-features/tabs.html]
[www.bootstrapdash.com/demo/aquaui/template/demo_1/pages/ui-features/typography.html]
[www.bootstrapdash.com/demo/aquaui/template/assets/js/tabs.js]
[www.bootstrapdash.com/demo/aquaui/template/assets/vendors/dragula/dragula.min.css]
[www.bootstrapdash.com/demo/aquaui/template/assets/images/faces/face5.jpg]
[www.bootstrapdash.com/demo/aquaui/template/assets/images/faces/face6.jpg]
[www.bootstrapdash.com/demo/aquaui/template/assets/images/faces/face7.jpg]
[www.bootstrapdash.com/demo/aquaui/template/assets/images/faces/face8.jpg]
[www.bootstrapdash.com/demo/aquaui/template/assets/vendors/dragula/dragula.min.js]
[www.bootstrapdash.com/demo/aquaui/template/demo_1/pages/ui-features/dragula.html]
[www.bootstrapdash.com/demo/aquaui/template/assets/js/dragula.js]
[www.bootstrapdash.com/demo/aquaui/template/assets/vendors/clipboard/clipboard.min.js]
[www.bootstrapdash.com/demo/aquaui/template/demo_1/pages/ui-features/clipboard.html]
[www.bootstrapdash.com/demo/aquaui/template/assets/js/clipboard.js]
[www.bootstrapdash.com/demo/aquaui/template/assets/vendors/jquery-contextmenu/jquery.contextMenu.min.css]
[www.bootstrapdash.com/demo/aquaui/template/assets/vendors/jquery-contextmenu/jquery.contextMenu.min.js]
[www.bootstrapdash.com/demo/aquaui/template/demo_1/pages/ui-features/context-menu.html]
[www.bootstrapdash.com/demo/aquaui/template/assets/js/context-menu.js]
[www.bootstrapdash.com/demo/aquaui/template/assets/vendors/nouislider/nouislider.min.css]
[www.bootstrapdash.com/demo/aquaui/template/assets/vendors/ion-rangeslider/css/ion.rangeSlider.css]
[www.bootstrapdash.com/demo/aquaui/template/assets/vendors/nouislider/nouislider.min.js]
[www.bootstrapdash.com/demo/aquaui/template/assets/vendors/ion-rangeslider/js/ion.rangeSlider.min.js]
[www.bootstrapdash.com/demo/aquaui/template/assets/js/no-ui-slider.js]
[www.bootstrapdash.com/demo/aquaui/template/demo_1/pages/ui-features/slider.html]
[www.bootstrapdash.com/demo/aquaui/template/assets/js/ion-range-slider.js]
[www.bootstrapdash.com/demo/aquaui/template/assets/vendors/colcade/colcade.js]
[www.bootstrapdash.com/demo/aquaui/template/demo_1/pages/ui-features/colcade.html]
[www.bootstrapdash.com/demo/aquaui/template/assets/js/tight-grid.js]
[www.bootstrapdash.com/demo/aquaui/template/assets/vendors/owl-carousel-2/owl.carousel.min.css]
[www.bootstrapdash.com/demo/aquaui/template/assets/vendors/owl-carousel-2/owl.theme.default.min.css]
[www.bootstrapdash.com/demo/aquaui/template/assets/images/carousel/banner_12.jpg]
[www.bootstrapdash.com/demo/aquaui/template/assets/images/carousel/banner_2.jpg]
[www.bootstrapdash.com/demo/aquaui/template/assets/images/carousel/banner_1.jpg]
[www.bootstrapdash.com/demo/aquaui/template/assets/images/carousel/banner_4.jpg]
[www.bootstrapdash.com/demo/aquaui/template/assets/images/carousel/banner_5.jpg]
[www.bootstrapdash.com/demo/aquaui/template/assets/images/carousel/banner_6.jpg]
[www.bootstrapdash.com/demo/aquaui/template/assets/images/carousel/banner_8.jpg]
[www.bootstrapdash.com/demo/aquaui/template/assets/images/carousel/banner_9.jpg]
[www.bootstrapdash.com/demo/aquaui/template/assets/images/carousel/banner_10.jpg]
[www.bootstrapdash.com/demo/aquaui/template/assets/images/carousel/banner_11.jpg]
[www.bootstrapdash.com/demo/aquaui/template/assets/images/carousel/banner_3.jpg]
[www.bootstrapdash.com/demo/aquaui/template/demo_1/images/carousel/banner_8.jpg]
[www.bootstrapdash.com/demo/aquaui/template/demo_1/images/carousel/banner_10.jpg]
[www.bootstrapdash.com/demo/aquaui/template/assets/vendors/owl-carousel-2/owl.carousel.min.js]
[www.bootstrapdash.com/demo/aquaui/template/demo_1/pages/ui-features/carousel.html]
[www.bootstrapdash.com/demo/aquaui/template/assets/js/owl-carousel.js]
[www.bootstrapdash.com/demo/aquaui/template/demo_1/node_modules/owl-carousel-2/assets/owl.carousel.min.css]
[www.bootstrapdash.com/demo/aquaui/template/demo_1/node_modules/owl-carousel-2/assets/owl.theme.default.min.css]
[www.bootstrapdash.com/demo/aquaui/template/demo_1/pages/ui-features/loaders.html]
[www.bootstrapdash.com/demo/aquaui/template/assets/js/tooltips.js]
[www.bootstrapdash.com/demo/aquaui/template/demo_1/pages/ui-features/tooltips.html]
[www.bootstrapdash.com/demo/aquaui/template/assets/js/popover.js]
[www.bootstrapdash.com/demo/aquaui/template/assets/vendors/sweetalert/sweetalert.min.js]
[www.bootstrapdash.com/demo/aquaui/template/assets/vendors/jquery.avgrund/jquery.avgrund.min.js]
[www.bootstrapdash.com/demo/aquaui/template/assets/js/alerts.js]
[www.bootstrapdash.com/demo/aquaui/template/demo_1/pages/ui-features/popups.html]
[www.bootstrapdash.com/demo/aquaui/template/assets/js/avgrund.js]
[www.bootstrapdash.com/demo/aquaui/template/assets/vendors/jquery-toast-plugin/jquery.toast.min.css]
[www.bootstrapdash.com/demo/aquaui/template/assets/vendors/jquery-toast-plugin/jquery.toast.min.js]
[www.bootstrapdash.com/demo/aquaui/template/assets/js/toastDemo.js]
[www.bootstrapdash.com/demo/aquaui/template/demo_1/pages/ui-features/notifications.html]
[www.bootstrapdash.com/demo/aquaui/template/assets/js/desktop-notification.js]
[www.bootstrapdash.com/demo/aquaui/template/demo_1/pages/icons/mdi.html]
[www.bootstrapdash.com/demo/aquaui/template/assets/js/google-maps.js]
[www.bootstrapdash.com/demo/aquaui/template/demo_1/pages/icons/flag-icons.html]
[www.bootstrapdash.com/demo/aquaui/template/demo_1/pages/icons/font-awesome.html]
[www.bootstrapdash.com/demo/aquaui/template/assets/vendors/flag-icon-css/css/flag-icon.min.css]
[www.bootstrapdash.com/demo/aquaui/template/demo_1/pages/icons/simple-line-icon.html]
[www.bootstrapdash.com/demo/aquaui/template/assets/vendors/simple-line-icons/css/simple-line-icons.css]
[www.bootstrapdash.com/demo/aquaui/template/demo_1/pages/icons/themify.html]
[www.bootstrapdash.com/demo/aquaui/template/assets/vendors/ti-icons/css/themify-icons.css]
[www.bootstrapdash.com/demo/aquaui/template/assets/vendors/select2/select2.min.css]
[www.bootstrapdash.com/demo/aquaui/template/assets/vendors/select2-bootstrap-theme/select2-bootstrap.min.css]
[www.bootstrapdash.com/demo/aquaui/template/assets/vendors/select2/select2.min.js]
[www.bootstrapdash.com/demo/aquaui/template/assets/vendors/typeahead.js/typeahead.bundle.min.js]
[www.bootstrapdash.com/demo/aquaui/template/assets/js/file-upload.js]
[www.bootstrapdash.com/demo/aquaui/template/assets/js/typeahead.js]
[www.bootstrapdash.com/demo/aquaui/template/demo_1/pages/forms/basic_elements.html]
[www.bootstrapdash.com/demo/aquaui/template/assets/js/select2.js]
[www.bootstrapdash.com/demo/aquaui/template/assets/vendors/dropzone/dropzone.css]
[www.bootstrapdash.com/demo/aquaui/template/assets/vendors/jquery-bar-rating/bars-1to10.css]
[www.bootstrapdash.com/demo/aquaui/template/assets/vendors/jquery-bar-rating/bars-horizontal.css]
[www.bootstrapdash.com/demo/aquaui/template/assets/vendors/jquery-bar-rating/bars-movie.css]
[www.bootstrapdash.com/demo/aquaui/template/assets/vendors/jquery-bar-rating/bars-pill.css]
[www.bootstrapdash.com/demo/aquaui/template/assets/vendors/jquery-bar-rating/bars-reversed.css]
[www.bootstrapdash.com/demo/aquaui/template/assets/vendors/jquery-bar-rating/bars-square.css]
[www.bootstrapdash.com/demo/aquaui/template/assets/vendors/jquery-bar-rating/bootstrap-stars.css]
[www.bootstrapdash.com/demo/aquaui/template/assets/vendors/jquery-bar-rating/css-stars.css]
[www.bootstrapdash.com/demo/aquaui/template/assets/vendors/jquery-bar-rating/examples.css]
[www.bootstrapdash.com/demo/aquaui/template/assets/vendors/jquery-bar-rating/fontawesome-stars-o.css]
[www.bootstrapdash.com/demo/aquaui/template/assets/vendors/jquery-bar-rating/fontawesome-stars.css]
[www.bootstrapdash.com/demo/aquaui/template/assets/vendors/jquery-asColorPicker/css/asColorPicker.min.css]
[www.bootstrapdash.com/demo/aquaui/template/assets/vendors/x-editable/bootstrap-editable.css]
[www.bootstrapdash.com/demo/aquaui/template/assets/vendors/dropify/dropify.min.css]
[www.bootstrapdash.com/demo/aquaui/template/assets/vendors/jquery-file-upload/uploadfile.css]
[www.bootstrapdash.com/demo/aquaui/template/assets/vendors/jquery-tags-input/jquery.tagsinput.min.css]
[www.bootstrapdash.com/demo/aquaui/template/assets/vendors/tempusdominus-bootstrap-4/tempusdominus-bootstrap-4.min.css]
[www.bootstrapdash.com/demo/aquaui/template/demo_1/pages/forms/dropify.html]
[www.bootstrapdash.com/demo/aquaui/template/assets/vendors/jquery-bar-rating/jquery.barrating.min.js]
[www.bootstrapdash.com/demo/aquaui/template/assets/vendors/jquery-asColor/jquery-asColor.min.js]
[www.bootstrapdash.com/demo/aquaui/template/assets/vendors/jquery-asGradient/jquery-asGradient.min.js]
[www.bootstrapdash.com/demo/aquaui/template/assets/vendors/jquery-asColorPicker/jquery-asColorPicker.min.js]
[www.bootstrapdash.com/demo/aquaui/template/assets/vendors/x-editable/bootstrap-editable.min.js]
[www.bootstrapdash.com/demo/aquaui/template/assets/vendors/moment/moment.min.js]
[www.bootstrapdash.com/demo/aquaui/template/assets/vendors/tempusdominus-bootstrap-4/tempusdominus-bootstrap-4.js]
[www.bootstrapdash.com/demo/aquaui/template/assets/vendors/bootstrap-datepicker/bootstrap-datepicker.min.js]
[www.bootstrapdash.com/demo/aquaui/template/assets/vendors/dropify/dropify.min.js]
[www.bootstrapdash.com/demo/aquaui/template/assets/vendors/jquery-file-upload/jquery.uploadfile.min.js]
[www.bootstrapdash.com/demo/aquaui/template/assets/vendors/jquery-tags-input/jquery.tagsinput.min.js]
[www.bootstrapdash.com/demo/aquaui/template/assets/vendors/jquery.repeater/jquery.repeater.min.js]
[www.bootstrapdash.com/demo/aquaui/template/assets/vendors/dropzone/dropzone.js]
[www.bootstrapdash.com/demo/aquaui/template/assets/vendors/inputmask/jquery.inputmask.bundle.js]
[www.bootstrapdash.com/demo/aquaui/template/assets/js/formpickers.js]
[www.bootstrapdash.com/demo/aquaui/template/assets/js/form-addons.js]
[www.bootstrapdash.com/demo/aquaui/template/assets/js/x-editable.js]
[www.bootstrapdash.com/demo/aquaui/template/assets/js/dropify.js]
[www.bootstrapdash.com/demo/aquaui/template/assets/js/dropzone.js]
[www.bootstrapdash.com/demo/aquaui/template/assets/js/jquery-file-upload.js]
[www.bootstrapdash.com/demo/aquaui/template/assets/js/form-repeater.js]
[www.bootstrapdash.com/demo/aquaui/template/demo_1/pages/forms/advanced_elements.html]
[www.bootstrapdash.com/demo/aquaui/template/assets/js/inputmask.js]
[www.bootstrapdash.com/demo/aquaui/template/assets/vendors/bootstrap-maxlength/bootstrap-maxlength.min.js]
[www.bootstrapdash.com/demo/aquaui/template/assets/js/form-validation.js]
[www.bootstrapdash.com/demo/aquaui/template/demo_1/pages/forms/validation.html]
[www.bootstrapdash.com/demo/aquaui/template/assets/js/bt-maxLength.js]
[www.bootstrapdash.com/demo/aquaui/template/assets/vendors/jquery-steps/jquery.steps.min.js]
[www.bootstrapdash.com/demo/aquaui/template/demo_1/pages/forms/wizard.html]
[www.bootstrapdash.com/demo/aquaui/template/assets/js/wizard.js]
[www.bootstrapdash.com/demo/aquaui/template/assets/vendors/summernote/dist/summernote-bs4.css]
[www.bootstrapdash.com/demo/aquaui/template/assets/vendors/quill/quill.snow.css]
[www.bootstrapdash.com/demo/aquaui/template/assets/vendors/simplemde/simplemde.min.css]
[www.bootstrapdash.com/demo/aquaui/template/assets/vendors/summernote/dist/summernote-bs4.min.js]
[www.bootstrapdash.com/demo/aquaui/template/assets/vendors/quill/quill.min.js]
[www.bootstrapdash.com/demo/aquaui/template/assets/vendors/tinymce/tinymce.min.js]
[www.bootstrapdash.com/demo/aquaui/template/demo_1/pages/forms/text_editor.html]
[www.bootstrapdash.com/demo/aquaui/template/assets/vendors/codemirror/codemirror.css]
[www.bootstrapdash.com/demo/aquaui/template/assets/vendors/simplemde/simplemde.min.js]
[www.bootstrapdash.com/demo/aquaui/template/assets/vendors/codemirror/ambiance.css]
[www.bootstrapdash.com/demo/aquaui/template/demo_1/pages/forms/lib/codemirror.css]
[www.bootstrapdash.com/demo/aquaui/template/demo_1/pages/forms/lib/codemirror.js]
[www.bootstrapdash.com/demo/aquaui/template/assets/vendors/ace-builds/src-min/mode-javascript.js]
[www.bootstrapdash.com/demo/aquaui/template/assets/vendors/ace-builds/src-min/theme-chaos.js]
[www.bootstrapdash.com/demo/aquaui/template/assets/vendors/codemirror/javascript.js]
[www.bootstrapdash.com/demo/aquaui/template/assets/vendors/ace-builds/src-min/ace.js]
[www.bootstrapdash.com/demo/aquaui/template/assets/vendors/codemirror/shell.js]
[www.bootstrapdash.com/demo/aquaui/template/assets/vendors/codemirror/codemirror.js]
[www.bootstrapdash.com/demo/aquaui/template/demo_1/pages/forms/code_editor.html]
[www.bootstrapdash.com/demo/aquaui/template/assets/js/codeEditor.js]
[www.bootstrapdash.com/demo/aquaui/template/demo_1/pages/charts/chartjs.html]
[www.bootstrapdash.com/demo/aquaui/template/assets/js/chart.js]
[www.bootstrapdash.com/demo/aquaui/template/assets/vendors/morris.js/morris.css]
[www.bootstrapdash.com/demo/aquaui/template/assets/vendors/raphael/raphael.min.js]
[www.bootstrapdash.com/demo/aquaui/template/assets/vendors/morris.js/morris.min.js]
[www.bootstrapdash.com/demo/aquaui/template/demo_1/pages/charts/morris.html]
[www.bootstrapdash.com/demo/aquaui/template/assets/js/morris.js]
[www.bootstrapdash.com/demo/aquaui/template/assets/vendors/flot/jquery.flot.pie.js]
[www.bootstrapdash.com/demo/aquaui/template/demo_1/pages/charts/flot-chart.html]
[www.bootstrapdash.com/demo/aquaui/template/assets/js/flot-chart.js]
[www.gstatic.com/charts/loader.js]
[www.bootstrapdash.com/demo/aquaui/template/demo_1/pages/charts/google-charts.html]
[www.bootstrapdash.com/demo/aquaui/template/assets/vendors/chartist/chartist.min.css]
[www.bootstrapdash.com/demo/aquaui/template/demo_1/pages/charts/chartist.html]
[www.bootstrapdash.com/demo/aquaui/template/assets/js/chartist.js]
[www.bootstrapdash.com/demo/aquaui/template/assets/vendors/justgage/justgage.js]
[www.bootstrapdash.com/demo/aquaui/template/assets/vendors/justgage/raphael-2.1.4.min.js]
[www.bootstrapdash.com/demo/aquaui/template/demo_1/pages/charts/justGage.html]
[www.bootstrapdash.com/demo/aquaui/template/assets/js/just-gage.js]
[www.bootstrapdash.com/demo/aquaui/template/assets/images/faces-clipart/pic-2.png]
[www.bootstrapdash.com/demo/aquaui/template/assets/images/faces-clipart/pic-3.png]
[www.bootstrapdash.com/demo/aquaui/template/assets/images/faces-clipart/pic-4.png]
[www.bootstrapdash.com/demo/aquaui/template/demo_1/pages/tables/basic-table.html]
[www.bootstrapdash.com/demo/aquaui/template/assets/vendors/datatables.net-bs4/dataTables.bootstrap4.css]
[www.bootstrapdash.com/demo/aquaui/template/assets/vendors/datatables.net-bs4/dataTables.bootstrap4.js]
[www.bootstrapdash.com/demo/aquaui/template/demo_1/pages/tables/data-table.html]
[www.bootstrapdash.com/demo/aquaui/template/assets/js/data-table.js]
[www.bootstrapdash.com/demo/aquaui/template/assets/vendors/jsgrid/jsgrid.min.css]
[www.bootstrapdash.com/demo/aquaui/template/assets/vendors/jsgrid/jsgrid-theme.min.css]
[www.bootstrapdash.com/demo/aquaui/template/assets/vendors/datatables.net/jquery.dataTables.js]
[www.bootstrapdash.com/demo/aquaui/template/assets/vendors/jsgrid/jsgrid.min.js]
[www.bootstrapdash.com/demo/aquaui/template/assets/js/js-grid.js]
[www.bootstrapdash.com/demo/aquaui/template/demo_1/pages/tables/js-grid.html]
[www.bootstrapdash.com/demo/aquaui/template/assets/js/db.js]
[www.bootstrapdash.com/demo/aquaui/template/assets/js/jq.tablesort.js]
[www.bootstrapdash.com/demo/aquaui/template/demo_1/pages/tables/sortable-table.html]
[www.bootstrapdash.com/demo/aquaui/template/demo_1/pages/maps/google-maps.html]
[www.bootstrapdash.com/demo/aquaui/template/assets/js/tablesorter.js]
[www.bootstrapdash.com/demo/aquaui/template/assets/vendors/jquery-mapael/jquery.mapael.min.js]
[www.bootstrapdash.com/demo/aquaui/template/assets/vendors/jquery-mapael/world_countries.min.js]
[www.bootstrapdash.com/demo/aquaui/template/assets/js/mapael.js]
[www.bootstrapdash.com/demo/aquaui/template/assets/js/mapael_example_1.js]
[www.bootstrapdash.com/demo/aquaui/template/demo_1/pages/maps/mapael.html]
[www.bootstrapdash.com/demo/aquaui/template/assets/js/mapael_example_2.js]
[www.bootstrapdash.com/demo/aquaui/template/assets/vendors/jvectormap/jquery-jvectormap.css]
[www.bootstrapdash.com/demo/aquaui/template/demo_1/pages/maps/vector-map.html]
[www.bootstrapdash.com/demo/aquaui/template/demo_1/pages/samples/login.html]
[www.bootstrapdash.com/demo/aquaui/template/demo_1/pages/samples/login-2.html]
[www.bootstrapdash.com/demo/aquaui/template/demo_1/pages/samples/register.html]
[www.bootstrapdash.com/demo/aquaui/template/demo_1/pages/samples/register-2.html]
[www.bootstrapdash.com/demo/aquaui/template/assets/js/maps.js]
[www.bootstrapdash.com/demo/aquaui/template/assets/images/faces/face13.jpg]
[www.bootstrapdash.com/demo/aquaui/template/demo_1/pages/samples/lock-screen.html]
[www.bootstrapdash.com/demo/aquaui/template/demo_1/pages/samples/error-404.html]
[www.bootstrapdash.com/demo/aquaui/template/demo_1/pages/samples/error-500.html]
[www.bootstrapdash.com/demo/aquaui/template/demo_1/pages/samples/blank-page.html]
[www.bootstrapdash.com/demo/aquaui/template/assets/images/faces/face16.jpg]
[www.bootstrapdash.com/demo/aquaui/template/assets/images/samples/1280x768/12.jpg]
[www.bootstrapdash.com/demo/aquaui/template/assets/images/faces/face19.jpg]
[www.bootstrapdash.com/demo/aquaui/template/assets/images/samples/1280x768/5.jpg]
[www.bootstrapdash.com/demo/aquaui/template/demo_1/pages/samples/profile.html]
[www.bootstrapdash.com/demo/aquaui/template/demo_1/pages/samples/faq.html]
[www.bootstrapdash.com/demo/aquaui/template/demo_1/pages/samples/faq-2.html]
[www.bootstrapdash.com/demo/aquaui/template/assets/js/profile-demo.js]
[www.bootstrapdash.com/demo/aquaui/template/assets/images/samples/300x300/9.jpg]
[www.bootstrapdash.com/demo/aquaui/template/assets/images/samples/300x300/8.jpg]
[www.bootstrapdash.com/demo/aquaui/template/assets/images/samples/300x300/6.jpg]
[www.bootstrapdash.com/demo/aquaui/template/demo_1/pages/samples/news-grid.html]
[www.bootstrapdash.com/demo/aquaui/template/demo_1/pages/samples/timeline.html]
[www.bootstrapdash.com/demo/aquaui/template/demo_1/pages/samples/invoice.html]
[www.bootstrapdash.com/demo/aquaui/template/demo_1/pages/samples/pricing-table.html]
[www.bootstrapdash.com/demo/aquaui/template/demo_1/pages/samples/orders.html]
[www.bootstrapdash.com/demo/aquaui/template/assets/images/faces/face20.jpg]
[www.bootstrapdash.com/demo/aquaui/template/assets/images/faces/face25.jpg]
[www.bootstrapdash.com/demo/aquaui/template/assets/images/faces/face10.jpg]
[www.bootstrapdash.com/demo/aquaui/template/assets/images/faces/face23.jpg]
[www.bootstrapdash.com/demo/aquaui/template/assets/images/faces/face11.jpg]
[www.bootstrapdash.com/demo/aquaui/template/assets/images/faces/face9.jpg]
[www.bootstrapdash.com/demo/aquaui/template/demo_1/pages/apps/email.html]
[www.bootstrapdash.com/demo/aquaui/template/assets/vendors/fullcalendar/fullcalendar.min.css]
[www.bootstrapdash.com/demo/aquaui/template/demo_1/pages/apps/calendar.html]
[www.bootstrapdash.com/demo/aquaui/template/assets/js/calendar.js]
[www.bootstrapdash.com/demo/aquaui/template/assets/vendors/fullcalendar/fullcalendar.min.js]
[www.bootstrapdash.com/demo/aquaui/template/assets/images/samples/1280x768/2.jpg]
[www.bootstrapdash.com/demo/aquaui/template/assets/images/samples/1280x768/3.jpg]
[www.bootstrapdash.com/demo/aquaui/template/assets/images/samples/1280x768/4.jpg]
[www.bootstrapdash.com/demo/aquaui/template/assets/images/samples/1280x768/6.jpg]
[www.bootstrapdash.com/demo/aquaui/template/assets/images/samples/1280x768/7.jpg]
[www.bootstrapdash.com/demo/aquaui/template/assets/images/samples/300x300/7.jpg]
[www.bootstrapdash.com/demo/aquaui/template/assets/images/samples/1280x768/8.jpg]
[www.bootstrapdash.com/demo/aquaui/template/assets/images/samples/1280x768/9.jpg]
[www.bootstrapdash.com/demo/aquaui/template/assets/images/samples/1280x768/11.jpg]
[www.bootstrapdash.com/demo/aquaui/template/assets/images/lightbox/play-button.png]
[www.bootstrapdash.com/demo/aquaui/template/assets/images/lightbox/thumb-v-y-2.jpg]
[www.bootstrapdash.com/demo/aquaui/template/assets/images/lightbox/thumb-v-v-1.jpg]
[www.bootstrapdash.com/demo/aquaui/template/assets/images/lightbox/thumb-v-v-2.jpg]
[www.bootstrapdash.com/demo/aquaui/template/demo_1/pages/apps/gallery.html]
[www.bootstrapdash.com/demo/aquaui/template/assets/css/images/sprites/jsgrid-icons.html]
[www.bootstrapdash.com/demo/aquaui/template/assets/css/images/samples/lockscreen-bg.html]
[www.bootstrapdash.com/demo/aquaui/template/demo_1/pages/layout/compact-menu.html]
[www.bootstrapdash.com/demo/aquaui/template/assets/images/samples/300X300/12.html]
[www.bootstrapdash.com/demo/aquaui/template/assets/images/auth/lockscreen-bg.jpg]
[www.bootstrapdash.com/demo/aquaui/template/assets/js/light-gallery.js]
[www.bootstrapdash.com/demo/aquaui/template/assets/images/samples/300x300/15.jpg]
[www.bootstrapdash.com/demo/aquaui/template/assets/images/samples/300X300/10.html]
[www.bootstrapdash.com/demo/aquaui/template/assets/vendors/dragula/dragula.min.css]
[www.bootstrapdash.com/demo/aquaui/template/assets/images/samples/300x300/5.jpg]
[www.bootstrapdash.com/demo/aquaui/template/assets/vendors/jquery-contextmenu/font/context-menu-icons6a65.eot]
[www.bootstrapdash.com/demo/aquaui/template/assets/vendors/jquery-contextmenu/font/context-menu-icons6a65.woff2]
[www.bootstrapdash.com/demo/aquaui/template/assets/vendors/jquery-contextmenu/font/context-menu-icons6a65.woff]
[www.bootstrapdash.com/demo/aquaui/template/assets/vendors/jquery-contextmenu/font/context-menu-icons6a65.ttf]
[www.bootstrapdash.com/demo/aquaui/template/assets/vendors/jquery-contextmenu/jquery.contextMenu.min.css]
[www.bootstrapdash.com/demo/aquaui/template/assets/vendors/nouislider/nouislider.min.css]
[www.bootstrapdash.com/demo/aquaui/template/assets/vendors/ion-rangeslider/css/ion.rangeSlider.css]
[www.bootstrapdash.com/demo/aquaui/template/assets/vendors/owl-carousel-2/owl.video.play.png]
[www.bootstrapdash.com/demo/aquaui/template/assets/vendors/owl-carousel-2/owl.carousel.min.css]
[www.bootstrapdash.com/demo/aquaui/template/assets/vendors/owl-carousel-2/owl.theme.default.min.css]
[www.bootstrapdash.com/demo/aquaui/template/demo_1/images/carousel/banner_8.html]
[www.bootstrapdash.com/demo/aquaui/template/demo_1/images/carousel/banner_10.html]
[www.bootstrapdash.com/demo/aquaui/template/demo_1/node_modules/owl-carousel-2/assets/owl.carousel.min.html]
[www.bootstrapdash.com/demo/aquaui/template/demo_1/node_modules/owl-carousel-2/assets/owl.theme.default.min.html]
[www.bootstrapdash.com/demo/aquaui/template/assets/vendors/jquery-toast-plugin/jquery.toast.min.css]
[www.bootstrapdash.com/demo/aquaui/template/assets/vendors/flag-icon-css/css/flag-icon.min.css]
[www.bootstrapdash.com/demo/aquaui/template/assets/vendors/simple-line-icons/css/simple-line-icons.css]
[www.bootstrapdash.com/demo/aquaui/template/assets/vendors/ti-icons/css/themify-icons.css]
[www.bootstrapdash.com/demo/aquaui/template/assets/vendors/select2/select2.min.css]
[www.bootstrapdash.com/demo/aquaui/template/assets/vendors/select2-bootstrap-theme/select2-bootstrap.min.css]
[www.bootstrapdash.com/demo/aquaui/template/assets/vendors/dropzone/dropzone.css]
[www.bootstrapdash.com/demo/aquaui/template/assets/vendors/jquery-bar-rating/bars-1to10.css]
[www.bootstrapdash.com/demo/aquaui/template/assets/vendors/jquery-bar-rating/bars-horizontal.css]
[www.bootstrapdash.com/demo/aquaui/template/assets/vendors/jquery-bar-rating/bars-movie.css]
[www.bootstrapdash.com/demo/aquaui/template/assets/vendors/jquery-bar-rating/bars-pill.css]
[www.bootstrapdash.com/demo/aquaui/template/assets/vendors/jquery-bar-rating/bars-reversed.css]
[www.bootstrapdash.com/demo/aquaui/template/assets/vendors/jquery-bar-rating/bars-square.css]
[www.bootstrapdash.com/demo/aquaui/template/assets/vendors/jquery-bar-rating/bootstrap-stars.css]
[www.bootstrapdash.com/demo/aquaui/template/assets/vendors/jquery-bar-rating/css-stars.css]
[www.bootstrapdash.com/demo/aquaui/template/assets/vendors/jquery-bar-rating/examples.css]
[www.bootstrapdash.com/demo/aquaui/template/assets/vendors/jquery-bar-rating/fontawesome-stars-o.css]
[www.bootstrapdash.com/demo/aquaui/template/assets/vendors/jquery-bar-rating/fontawesome-stars.css]
[www.bootstrapdash.com/demo/aquaui/template/assets/images/carousel/banner_7.jpg]
[www.bootstrapdash.com/demo/aquaui/template/assets/vendors/jquery-asColorPicker/images/alpha.png]
[www.bootstrapdash.com/demo/aquaui/template/assets/vendors/jquery-asColorPicker/css/asColorPicker.min.css]
[www.bootstrapdash.com/demo/aquaui/template/assets/vendors/img/loading.gif]
[www.bootstrapdash.com/demo/aquaui/template/assets/vendors/img/clear.png]
[www.bootstrapdash.com/demo/aquaui/template/assets/vendors/x-editable/bootstrap-editable.css]
[www.bootstrapdash.com/demo/aquaui/template/assets/vendors/dropify/dropify.min.css]
[www.bootstrapdash.com/demo/aquaui/template/assets/vendors/jquery-file-upload/uploadfile.css]
[www.bootstrapdash.com/demo/aquaui/template/assets/vendors/jquery-tags-input/jquery.tagsinput.min.css]
[www.bootstrapdash.com/demo/aquaui/template/assets/vendors/tempusdominus-bootstrap-4/tempusdominus-bootstrap-4.min.css]
[www.bootstrapdash.com/demo/aquaui/template/demo_1/images/samples/1280x768/2.jpg]
[www.bootstrapdash.com/demo/aquaui/template/demo_1/images/samples/1280x768/3.jpg]
[www.bootstrapdash.com/demo/aquaui/template/demo_1/pages/forms/dropify.html]
[www.bootstrapdash.com/demo/aquaui/template/assets/vendors/jquery-validation/jquery.validate.min.js]
[www.bootstrapdash.com/demo/aquaui/template/assets/vendors/summernote/dist/font/summernote64fe.eot]
[www.bootstrapdash.com/demo/aquaui/template/assets/vendors/summernote/dist/font/summernote64fe.woff]
[www.bootstrapdash.com/demo/aquaui/template/assets/vendors/summernote/dist/font/summernote64fe.ttf]
[www.bootstrapdash.com/demo/aquaui/template/assets/vendors/summernote/dist/summernote-bs4.css]
[www.bootstrapdash.com/demo/aquaui/template/assets/vendors/quill/quill.snow.css]
[www.bootstrapdash.com/demo/aquaui/template/assets/vendors/simplemde/simplemde.min.css]
[www.bootstrapdash.com/demo/aquaui/template/assets/vendors/codemirror/codemirror.css]
[www.bootstrapdash.com/demo/aquaui/template/assets/vendors/codemirror/ambiance.css]
[www.bootstrapdash.com/demo/aquaui/template/demo_1/pages/forms/lib/codemirror.html]
[www.bootstrapdash.com/demo/aquaui/template/demo_1/pages/forms/lib/codemirror-2.html]
[www.bootstrapdash.com/demo/aquaui/template/assets/vendors/morris.js/morris.css]
[www.bootstrapdash.com/demo/aquaui/template/assets/js/google-charts.js]
[www.bootstrapdash.com/demo/aquaui/template/assets/js/editorDemo.js]
[www.bootstrapdash.com/demo/aquaui/template/assets/vendors/chartist/chartist.min.css]
[www.bootstrapdash.com/demo/aquaui/template/assets/vendors/datatables.net-bs4/dataTables.bootstrap4.css]
[www.bootstrapdash.com/demo/aquaui/template/assets/vendors/jsgrid/jsgrid.min.css]
[www.bootstrapdash.com/demo/aquaui/template/assets/vendors/jsgrid/jsgrid-theme.min.css]
[www.bootstrapdash.com/demo/aquaui/template/assets/vendors/jvectormap/jquery-jvectormap.css]
[www.bootstrapdash.com/demo/aquaui/template/assets/vendors/fullcalendar/fullcalendar.min.css]
[www.bootstrapdash.com/demo/aquaui/template/demo_1/pages/charts/sparkline.html]
[www.bootstrapdash.com/demo/aquaui/template/demo_1/pages/charts/c3.html]
[www.bootstrapdash.com/demo/aquaui/template/assets/vendors/jquery-mapael/france_departments.min.js]
[www.bootstrapdash.com/demo/aquaui/template/assets/vendors/jquery-contextmenu/font/context-menu-icons6a65.html]
[www.bootstrapdash.com/demo/aquaui/template/assets/vendors/jquery-contextmenu/font/context-menu-icons6a65-2.html]
[www.bootstrapdash.com/demo/aquaui/template/assets/vendors/jquery-contextmenu/font/context-menu-icons6a65-3.html]
[www.bootstrapdash.com/demo/aquaui/template/assets/vendors/jquery-contextmenu/font/context-menu-icons6a65-4.html]
[www.bootstrapdash.com/demo/aquaui/template/assets/images/lightbox/thumb-v-y-1.jpg]
[www.bootstrapdash.com/demo/aquaui/template/assets/vendors/lightgallery/css/lightgallery.css]
[www.bootstrapdash.com/demo/aquaui/template/assets/vendors/img/loading.html]
[www.bootstrapdash.com/demo/aquaui/template/assets/vendors/img/clear.html]
[www.bootstrapdash.com/demo/aquaui/template/demo_1/images/samples/1280x768/2.html]
[www.bootstrapdash.com/demo/aquaui/template/demo_1/images/samples/1280x768/3.html]
[www.bootstrapdash.com/demo/aquaui/template/assets/vendors/lightgallery/js/lightgallery-all.min.js]
[www.bootstrapdash.com/demo/aquaui/template/assets/vendors/jquery-asColorPicker/images/transparent.png]
[www.bootstrapdash.com/demo/aquaui/template/assets/vendors/jquery-asColorPicker/images/saturation.png]
[www.bootstrapdash.com/demo/aquaui/template/demo_1/pages/charts/sparkline.html]
[www.bootstrapdash.com/demo/aquaui/template/assets/vendors/jquery-sparkline/jquery.sparkline.min.js]
[www.bootstrapdash.com/demo/aquaui/template/assets/vendors/c3/c3.js]
[www.bootstrapdash.com/demo/aquaui/template/assets/vendors/d3/d3.min.js]
[www.bootstrapdash.com/demo/aquaui/template/demo_1/pages/charts/c3.html]
[www.bootstrapdash.com/demo/aquaui/template/assets/js/c3.js]
[www.bootstrapdash.com/demo/aquaui/template/assets/images/faces-clipart/pic-1.png]
[www.bootstrapdash.com/demo/aquaui/template/assets/vendors/jquery-mapael/usa_states.min.js]
[www.bootstrapdash.com/demo/aquaui/template/assets/vendors/lightgallery/img/vimeo-play.png]
[www.bootstrapdash.com/demo/aquaui/template/assets/vendors/lightgallery/img/video-play.png]
[www.bootstrapdash.com/demo/aquaui/template/assets/vendors/lightgallery/img/youtube-play.png]
[www.bootstrapdash.com/demo/aquaui/template/assets/vendors/lightgallery/img/loading.gif]
[www.bootstrapdash.com/demo/aquaui/template/assets/vendors/lightgallery/css/lightgallery.css]
[www.bootstrapdash.com/demo/aquaui/template/assets/images/samples/1280x768/1.jpg]
[www.bootstrapdash.com/demo/aquaui/template/assets/images/samples/1280x768/10.jpg]
[www.bootstrapdash.com/demo/aquaui/template/assets/vendors/jquery-asColorPicker/images/hue.png]
[www.bootstrapdash.com/demo/aquaui/template/assets/js/sparkline.js]
[www.bootstrapdash.com/demo/aquaui/template/assets/vendors/c3/c3.min.css]
[www.bootstrapdash.com/demo/aquaui/template/assets/vendors/c3/c3.min.css]
